// Jest Snapshot v1, https://goo.gl/fbAQLP

exports[`List component first call to list 1`] = `
<div
  id="loading"
>
  Loading...
</div>
`;
