// Jest Snapshot v1, https://goo.gl/fbAQLP

exports[`Detalle component first call to detail 1`] = `
<header>
  <a
    href="/"
  >
    Pokedex
  </a>
</header>
`;
