// Jest Snapshot v1, https://goo.gl/fbAQLP

exports[`App component app test 1`] = `
<header>
  <a
    href="/"
  >
    Pokedex
  </a>
</header>
`;
