// Jest Snapshot v1, https://goo.gl/fbAQLP

exports[`NoMatch component not found snapshot 1`] = `
<h2>
  PÃ¡gina no encontrada
</h2>
`;
